(1785117706.678529) can1 15B#DED8C80001000000
(1785117706.685010) can1 1DB#DED8C80001000000
(1785117707.162925) can1 15B#DED8C80002000000
(1785117707.169457) can1 1DB#DED8C80002000000
(1785117708.164124) can1 15B#DED8C80003000000
(1785117708.170254) can1 1DB#DED8C80003000000
(1785117709.160347) can1 15B#DED8C80004000000
(1785117709.166478) can1 1DB#DED8C80004000000
(1785117710.161087) can1 15B#DED8C80005000000
(1785117710.167930) can1 1DB#DED8C80005000000
(1785117711.161408) can1 15B#DED8C80006000000
(1785117711.168042) can1 1DB#DED8C80006000000
(1785117712.159946) can1 15B#DED8C80007000000
(1785117712.166058) can1 1DB#DED8C80007000000
(1785117713.160316) can1 15B#DED8C80008000000
(1785117713.166515) can1 1DB#DED8C80008000000
(1785117714.159925) can1 15B#DED8C80009000000
(1785117714.166504) can1 1DB#DED8C80009000000
(1785117715.163261) can1 15B#DED8C8000A000000
(1785117715.169384) can1 1DB#DED8C8000A000000
(1785117716.158684) can1 15B#DED8C8000B000000
(1785117716.164802) can1 1DB#DED8C8000B000000
(1785117717.159778) can1 15B#DED8C8000C000000
(1785117717.165909) can1 1DB#DED8C8000C000000
(1785117718.158199) can1 15B#DED8C8000D000000
(1785117718.164324) can1 1DB#DED8C8000D000000
(1785117719.160245) can1 15B#DED8C8000E000000
(1785117719.166356) can1 1DB#DED8C8000E000000
(1785117720.164768) can1 15B#DED8C8000F000000
(1785117720.170936) can1 1DB#DED8C8000F000000
(1785117721.162817) can1 15B#DED8C80010000000
(1785117721.169038) can1 1DB#DED8C80010000000
(1785117722.160228) can1 15B#DED8C80011000000
(1785117722.166356) can1 1DB#DED8C80011000000
(1785117723.161646) can1 15B#DED8C80012000000
(1785117723.167850) can1 1DB#DED8C80012000000
(1785117724.161176) can1 15B#DED8C80013000000
(1785117724.167474) can1 1DB#DED8C80013000000
(1785117725.154476) can1 15B#DED8C80014000000
(1785117725.160647) can1 1DB#DED8C80014000000
(1785117726.154212) can1 15B#DED8C80015000000
(1785117726.160448) can1 1DB#DED8C80015000000
(1785117727.154009) can1 15B#DED8C80016000000
(1785117727.160157) can1 1DB#DED8C80016000000
(1785117728.155053) can1 15B#DED8C80017000000
(1785117728.161265) can1 1DB#DED8C80017000000
(1785117729.159544) can1 15B#DED8C80018000000
(1785117729.165752) can1 1DB#DED8C80018000000
(1785117730.156054) can1 15B#DED8C80019000000
(1785117730.162238) can1 1DB#DED8C80019000000
(1785117731.154553) can1 15B#DED8C8001A000000
(1785117731.160973) can1 1DB#DED8C8001A000000
(1785117732.154408) can1 15B#DED8C8001B000000
(1785117732.160751) can1 1DB#DED8C8001B000000
(1785117733.160508) can1 15B#DED8C8001C000000
(1785117733.166820) can1 1DB#DED8C8001C000000
(1785117734.163197) can1 15B#DED8C8001D000000
(1785117734.169457) can1 1DB#DED8C8001D000000
(1785117735.156899) can1 15B#DED8C8001E000000
(1785117735.163221) can1 1DB#DED8C8001E000000
(1785117736.157063) can1 15B#DED8C8001F000000
(1785117736.163461) can1 1DB#DED8C8001F000000
(1785117737.156678) can1 15B#DED8C80020000000
(1785117737.163001) can1 1DB#DED8C80020000000
(1785117738.156466) can1 15B#DED8C80021000000
(1785117738.162700) can1 1DB#DED8C80021000000
(1785117739.163457) can1 15B#DED8C80022000000
(1785117739.169677) can1 1DB#DED8C80022000000
