(1785117706.679026) can2 15B#DED8C80001000000
(1785117706.684603) can2 1DB#DED8C80001000000
(1785117707.163415) can2 15B#DED8C80002000000
(1785117707.169062) can2 1DB#DED8C80002000000
(1785117708.164550) can2 15B#DED8C80003000000
(1785117708.169858) can2 1DB#DED8C80003000000
(1785117709.160773) can2 15B#DED8C80004000000
(1785117709.166082) can2 1DB#DED8C80004000000
(1785117710.161634) can2 15B#DED8C80005000000
(1785117710.167433) can2 1DB#DED8C80005000000
(1785117711.161913) can2 15B#DED8C80006000000
(1785117711.167580) can2 1DB#DED8C80006000000
(1785117712.160357) can2 15B#DED8C80007000000
(1785117712.165655) can2 1DB#DED8C80007000000
(1785117713.160797) can2 15B#DED8C80008000000
(1785117713.166109) can2 1DB#DED8C80008000000
(1785117714.160420) can2 15B#DED8C80009000000
(1785117714.166033) can2 1DB#DED8C80009000000
(1785117715.163678) can2 15B#DED8C8000A000000
(1785117715.168972) can2 1DB#DED8C8000A000000
(1785117716.159089) can2 15B#DED8C8000B000000
(1785117716.164452) can2 1DB#DED8C8000B000000
(1785117717.160185) can2 15B#DED8C8000C000000
(1785117717.165495) can2 1DB#DED8C8000C000000
(1785117718.158610) can2 15B#DED8C8000D000000
(1785117718.163914) can2 1DB#DED8C8000D000000
(1785117719.160644) can2 15B#DED8C8000E000000
(1785117719.165940) can2 1DB#DED8C8000E000000
(1785117720.165216) can2 15B#DED8C8000F000000
(1785117720.170533) can2 1DB#DED8C8000F000000
(1785117721.163299) can2 15B#DED8C80010000000
(1785117721.168625) can2 1DB#DED8C80010000000
(1785117722.160628) can2 15B#DED8C80011000000
(1785117722.165930) can2 1DB#DED8C80011000000
(1785117723.162104) can2 15B#DED8C80012000000
(1785117723.167420) can2 1DB#DED8C80012000000
(1785117724.161694) can2 15B#DED8C80013000000
(1785117724.167062) can2 1DB#DED8C80013000000
(1785117725.154898) can2 15B#DED8C80014000000
(1785117725.160229) can2 1DB#DED8C80014000000
(1785117726.154631) can2 15B#DED8C80015000000
(1785117726.159971) can2 1DB#DED8C80015000000
(1785117727.154430) can2 15B#DED8C80016000000
(1785117727.159761) can2 1DB#DED8C80016000000
(1785117728.155487) can2 15B#DED8C80017000000
(1785117728.160824) can2 1DB#DED8C80017000000
(1785117729.159961) can2 15B#DED8C80018000000
(1785117729.165327) can2 1DB#DED8C80018000000
(1785117730.156461) can2 15B#DED8C80019000000
(1785117730.161829) can2 1DB#DED8C80019000000
(1785117731.155031) can2 15B#DED8C8001A000000
(1785117731.160491) can2 1DB#DED8C8001A000000
(1785117732.154927) can2 15B#DED8C8001B000000
(1785117732.160315) can2 1DB#DED8C8001B000000
(1785117733.160944) can2 15B#DED8C8001C000000
(1785117733.166337) can2 1DB#DED8C8001C000000
(1785117734.163663) can2 15B#DED8C8001D000000
(1785117734.169040) can2 1DB#DED8C8001D000000
(1785117735.157335) can2 15B#DED8C8001E000000
(1785117735.162772) can2 1DB#DED8C8001E000000
(1785117736.157483) can2 15B#DED8C8001F000000
(1785117736.162981) can2 1DB#DED8C8001F000000
(1785117737.157107) can2 15B#DED8C80020000000
(1785117737.162570) can2 1DB#DED8C80020000000
(1785117738.156911) can2 15B#DED8C80021000000
(1785117738.162302) can2 1DB#DED8C80021000000
(1785117739.163877) can2 15B#DED8C80022000000
(1785117739.169277) can2 1DB#DED8C80022000000
